15:14:46 **** Build of configuration Debug for project hw6-1haha ****
make -j4 all 
Building file: ../startup/startup_stm32.s
Building file: ../startup/sysmem.c
Building file: ../src/GPIO_init.s
Building file: ../src/delay.s
Invoking: MCU GCC Assembler
Invoking: MCU GCC Compiler
Invoking: MCU GCC Assembler
Invoking: MCU GCC Assembler
C:\stephen_peng\大三上\微處理機\hw6\my work\hw6-1\hw6-1haha\Debug
C:\stephen_peng\大三上\微處理機\hw6\my work\hw6-1\hw6-1haha\Debug
C:\stephen_peng\大三上\微處理機\hw6\my work\hw6-1\hw6-1haha\Debug
arm-none-eabi-gcc -mcpu=cortex-m4 -mthumb -mfloat-abi=hard -mfpu=fpv4-sp-d16 -DSTM32 -DSTM32L4 -DSTM32L476RGTx -DNUCLEO_L476RG -DDEBUG -O0 -g3 -Wall -fmessage-length=0 -ffunction-sections -c -MMD -MP -MF"startup/sysmem.d" -MT"startup/sysmem.o" -o "startup/sysmem.o" "../startup/sysmem.c"
C:\stephen_peng\大三上\微處理機\hw6\my work\hw6-1\hw6-1haha\Debug
arm-none-eabi-as -mcpu=cortex-m4 -mthumb -mfloat-abi=hard -mfpu=fpv4-sp-d16 -g -o "startup/startup_stm32.o" "../startup/startup_stm32.s"
arm-none-eabi-as -mcpu=cortex-m4 -mthumb -mfloat-abi=hard -mfpu=fpv4-sp-d16 -g -o "src/GPIO_init.o" "../src/GPIO_init.s"
arm-none-eabi-as -mcpu=cortex-m4 -mthumb -mfloat-abi=hard -mfpu=fpv4-sp-d16 -g -o "src/delay.o" "../src/delay.s"
Finished building: ../src/GPIO_init.s
Finished building: ../startup/startup_stm32.s
Finished building: ../src/delay.s
 
 
 
Building file: ../src/main.c
Invoking: MCU GCC Compiler
C:\stephen_peng\大三上\微處理機\hw6\my work\hw6-1\hw6-1haha\Debug
arm-none-eabi-gcc -mcpu=cortex-m4 -mthumb -mfloat-abi=hard -mfpu=fpv4-sp-d16 -DSTM32 -DSTM32L4 -DSTM32L476RGTx -DNUCLEO_L476RG -DDEBUG -O0 -g3 -Wall -fmessage-length=0 -ffunction-sections -c -MMD -MP -MF"src/main.d" -MT"src/main.o" -o "src/main.o" "../src/main.c"
Finished building: ../startup/sysmem.c
 
Finished building: ../src/main.c
 
Building target: hw6-1haha.elf
Invoking: MCU GCC Linker
arm-none-eabi-gcc -mcpu=cortex-m4 -mthumb -mfloat-abi=hard -mfpu=fpv4-sp-d16 -T"C:/stephen_peng/大三上/微處理機/hw6/my work/hw6-1/hw6-1haha/LinkerScript.ld" -Wl,-Map=output.map -Wl,--gc-sections -o "hw6-1haha.elf" @"objects.list"   -lm
Finished building target: hw6-1haha.elf
 
make --no-print-directory post-build
Generating binary and Printing size information:
arm-none-eabi-objcopy -O binary "hw6-1haha.elf" "hw6-1haha.bin"
arm-none-eabi-size "hw6-1haha.elf"
   text	   data	    bss	    dec	    hex	filename
   1480	   1112	   1104	   3696	    e70	hw6-1haha.elf
 
15:24:52 **** Incremental Build of configuration Debug for project hw6-1haha ****
make -j4 all 
make: Nothing to be done for 'all'.
21:13:17 **** Incremental Build of configuration Debug for project hw6-1haha ****
make -j4 all 
make: Nothing to be done for 'all'.
21:16:23 **** Incremental Build of configuration Debug for project hw6-1haha ****
make -j4 all 
make: Nothing to be done for 'all'.
