14:14:59 **** Build of configuration Debug for project hw4-3haha ****
make -j4 all 
Building file: ../startup/sysmem.c
Building file: ../src/main.s
Building file: ../startup/startup_stm32.s
Invoking: MCU GCC Assembler
Invoking: MCU GCC Assembler
Invoking: MCU GCC Compiler
C:\stephen_peng\大三上\微處理機\hw4\my work\HW4-3\hw4-3haha\Debug
C:\stephen_peng\大三上\微處理機\hw4\my work\HW4-3\hw4-3haha\Debug
C:\stephen_peng\大三上\微處理機\hw4\my work\HW4-3\hw4-3haha\Debug
arm-none-eabi-as -mcpu=cortex-m4 -mthumb -mfloat-abi=hard -mfpu=fpv4-sp-d16 -g -o "src/main.o" "../src/main.s"
arm-none-eabi-as -mcpu=cortex-m4 -mthumb -mfloat-abi=hard -mfpu=fpv4-sp-d16 -g -o "startup/startup_stm32.o" "../startup/startup_stm32.s"
arm-none-eabi-gcc -mcpu=cortex-m4 -mthumb -mfloat-abi=hard -mfpu=fpv4-sp-d16 -DSTM32 -DSTM32L4 -DSTM32L476RGTx -DNUCLEO_L476RG -DDEBUG -O0 -g3 -Wall -fmessage-length=0 -ffunction-sections -c -MMD -MP -MF"startup/sysmem.d" -MT"startup/sysmem.o" -o "startup/sysmem.o" "../startup/sysmem.c"
Finished building: ../src/main.s
Finished building: ../startup/startup_stm32.s
 
 
Finished building: ../startup/sysmem.c
 
Building target: hw4-3haha.elf
Invoking: MCU GCC Linker
arm-none-eabi-gcc -mcpu=cortex-m4 -mthumb -mfloat-abi=hard -mfpu=fpv4-sp-d16 -T"C:/stephen_peng/大三上/微處理機/hw4/my work/HW4-3/hw4-3haha/LinkerScript.ld" -Wl,-Map=output.map -Wl,--gc-sections -o "hw4-3haha.elf" @"objects.list"   -lm
Finished building target: hw4-3haha.elf
 
make --no-print-directory post-build
Generating binary and Printing size information:
arm-none-eabi-objcopy -O binary "hw4-3haha.elf" "hw4-3haha.bin"
arm-none-eabi-size "hw4-3haha.elf"
   text	   data	    bss	    dec	    hex	filename
   1304	   1304	   1088	   3696	    e70	hw4-3haha.elf
 
14:15:08 **** Incremental Build of configuration Debug for project hw4-3haha ****
make -j4 all 
make: Nothing to be done for 'all'.
14:21:01 **** Incremental Build of configuration Debug for project hw4-3haha ****
make -j4 all 
Building file: ../src/main.s
Invoking: MCU GCC Assembler
C:\stephen_peng\大三上\微處理機\hw4\my work\HW4-3\hw4-3haha\Debug
arm-none-eabi-as -mcpu=cortex-m4 -mthumb -mfloat-abi=hard -mfpu=fpv4-sp-d16 -g -o "src/main.o" "../src/main.s"
Finished building: ../src/main.s
 
Building target: hw4-3haha.elf
Invoking: MCU GCC Linker
arm-none-eabi-gcc -mcpu=cortex-m4 -mthumb -mfloat-abi=hard -mfpu=fpv4-sp-d16 -T"C:/stephen_peng/大三上/微處理機/hw4/my work/HW4-3/hw4-3haha/LinkerScript.ld" -Wl,-Map=output.map -Wl,--gc-sections -o "hw4-3haha.elf" @"objects.list"   -lm
Finished building target: hw4-3haha.elf
 
make --no-print-directory post-build
Generating binary and Printing size information:
arm-none-eabi-objcopy -O binary "hw4-3haha.elf" "hw4-3haha.bin"
arm-none-eabi-size "hw4-3haha.elf"
   text	   data	    bss	    dec	    hex	filename
   1304	   1304	   1088	   3696	    e70	hw4-3haha.elf
 
14:21:06 **** Incremental Build of configuration Debug for project hw4-3haha ****
make -j4 all 
make: Nothing to be done for 'all'.
14:24:13 **** Incremental Build of configuration Debug for project hw4-3haha ****
make -j4 all 
Building file: ../src/main.s
Invoking: MCU GCC Assembler
C:\stephen_peng\大三上\微處理機\hw4\my work\HW4-3\hw4-3haha\Debug
arm-none-eabi-as -mcpu=cortex-m4 -mthumb -mfloat-abi=hard -mfpu=fpv4-sp-d16 -g -o "src/main.o" "../src/main.s"
Finished building: ../src/main.s
 
Building target: hw4-3haha.elf
Invoking: MCU GCC Linker
arm-none-eabi-gcc -mcpu=cortex-m4 -mthumb -mfloat-abi=hard -mfpu=fpv4-sp-d16 -T"C:/stephen_peng/大三上/微處理機/hw4/my work/HW4-3/hw4-3haha/LinkerScript.ld" -Wl,-Map=output.map -Wl,--gc-sections -o "hw4-3haha.elf" @"objects.list"   -lm
Finished building target: hw4-3haha.elf
 
make --no-print-directory post-build
Generating binary and Printing size information:
arm-none-eabi-objcopy -O binary "hw4-3haha.elf" "hw4-3haha.bin"
arm-none-eabi-size "hw4-3haha.elf"
   text	   data	    bss	    dec	    hex	filename
   1304	   1304	   1088	   3696	    e70	hw4-3haha.elf
 
14:24:19 **** Incremental Build of configuration Debug for project hw4-3haha ****
make -j4 all 
make: Nothing to be done for 'all'.
14:25:18 **** Incremental Build of configuration Debug for project hw4-3haha ****
make -j4 all 
Building file: ../src/main.s
Invoking: MCU GCC Assembler
C:\stephen_peng\大三上\微處理機\hw4\my work\HW4-3\hw4-3haha\Debug
arm-none-eabi-as -mcpu=cortex-m4 -mthumb -mfloat-abi=hard -mfpu=fpv4-sp-d16 -g -o "src/main.o" "../src/main.s"
Finished building: ../src/main.s
 
Building target: hw4-3haha.elf
Invoking: MCU GCC Linker
arm-none-eabi-gcc -mcpu=cortex-m4 -mthumb -mfloat-abi=hard -mfpu=fpv4-sp-d16 -T"C:/stephen_peng/大三上/微處理機/hw4/my work/HW4-3/hw4-3haha/LinkerScript.ld" -Wl,-Map=output.map -Wl,--gc-sections -o "hw4-3haha.elf" @"objects.list"   -lm
Finished building target: hw4-3haha.elf
 
make --no-print-directory post-build
Generating binary and Printing size information:
arm-none-eabi-objcopy -O binary "hw4-3haha.elf" "hw4-3haha.bin"
arm-none-eabi-size "hw4-3haha.elf"
   text	   data	    bss	    dec	    hex	filename
   1304	   1304	   1088	   3696	    e70	hw4-3haha.elf
 
14:25:25 **** Incremental Build of configuration Debug for project hw4-3haha ****
make -j4 all 
make: Nothing to be done for 'all'.
19:23:52 **** Incremental Build of configuration Debug for project hw4-3haha ****
make -j4 all 
make: Nothing to be done for 'all'.
01:27:07 **** Incremental Build of configuration Debug for project hw4-3haha ****
make -j4 all 
make: Nothing to be done for 'all'.
01:27:12 **** Incremental Build of configuration Debug for project hw4-3haha ****
make -j4 all 
make: Nothing to be done for 'all'.
