13:38:40 **** Build of configuration Debug for project hw4-1haha ****
make -j4 all 
Building file: ../startup/startup_stm32.s
Building file: ../startup/sysmem.c
Building file: ../src/main.s
Invoking: MCU GCC Assembler
Invoking: MCU GCC Compiler
Invoking: MCU GCC Assembler
C:\stephen_peng\大三上\微處理機\hw4\my work\HW4-1\hw4-1haha\Debug
arm-none-eabi-as -mcpu=cortex-m4 -mthumb -mfloat-abi=hard -mfpu=fpv4-sp-d16 -g -o "startup/startup_stm32.o" "../startup/startup_stm32.s"
C:\stephen_peng\大三上\微處理機\hw4\my work\HW4-1\hw4-1haha\Debug
C:\stephen_peng\大三上\微處理機\hw4\my work\HW4-1\hw4-1haha\Debug
arm-none-eabi-gcc -mcpu=cortex-m4 -mthumb -mfloat-abi=hard -mfpu=fpv4-sp-d16 -DSTM32 -DSTM32L4 -DSTM32L476RGTx -DNUCLEO_L476RG -DDEBUG -O0 -g3 -Wall -fmessage-length=0 -ffunction-sections -c -MMD -MP -MF"startup/sysmem.d" -MT"startup/sysmem.o" -o "startup/sysmem.o" "../startup/sysmem.c"
arm-none-eabi-as -mcpu=cortex-m4 -mthumb -mfloat-abi=hard -mfpu=fpv4-sp-d16 -g -o "src/main.o" "../src/main.s"
Finished building: ../src/main.s
Finished building: ../startup/startup_stm32.s
 
 
Finished building: ../startup/sysmem.c
 
Building target: hw4-1haha.elf
Invoking: MCU GCC Linker
arm-none-eabi-gcc -mcpu=cortex-m4 -mthumb -mfloat-abi=hard -mfpu=fpv4-sp-d16 -T"C:/stephen_peng/大三上/微處理機/hw4/my work/HW4-1/hw4-1haha/LinkerScript.ld" -Wl,-Map=output.map -Wl,--gc-sections -o "hw4-1haha.elf" @"objects.list"   -lm
Finished building target: hw4-1haha.elf
 
make --no-print-directory post-build
Generating binary and Printing size information:
arm-none-eabi-objcopy -O binary "hw4-1haha.elf" "hw4-1haha.bin"
arm-none-eabi-size "hw4-1haha.elf"
   text	   data	    bss	    dec	    hex	filename
   1184	   1104	   1088	   3376	    d30	hw4-1haha.elf
 
13:39:20 **** Incremental Build of configuration Debug for project hw4-1haha ****
make -j4 all 
make: Nothing to be done for 'all'.
13:41:20 **** Incremental Build of configuration Debug for project hw4-1haha ****
make -j4 all 
Building file: ../src/main.s
Invoking: MCU GCC Assembler
C:\stephen_peng\大三上\微處理機\hw4\my work\HW4-1\hw4-1haha\Debug
arm-none-eabi-as -mcpu=cortex-m4 -mthumb -mfloat-abi=hard -mfpu=fpv4-sp-d16 -g -o "src/main.o" "../src/main.s"
Finished building: ../src/main.s
 
Building target: hw4-1haha.elf
Invoking: MCU GCC Linker
arm-none-eabi-gcc -mcpu=cortex-m4 -mthumb -mfloat-abi=hard -mfpu=fpv4-sp-d16 -T"C:/stephen_peng/大三上/微處理機/hw4/my work/HW4-1/hw4-1haha/LinkerScript.ld" -Wl,-Map=output.map -Wl,--gc-sections -o "hw4-1haha.elf" @"objects.list"   -lm
Finished building target: hw4-1haha.elf
 
make --no-print-directory post-build
Generating binary and Printing size information:
arm-none-eabi-objcopy -O binary "hw4-1haha.elf" "hw4-1haha.bin"
arm-none-eabi-size "hw4-1haha.elf"
   text	   data	    bss	    dec	    hex	filename
   1184	   1104	   1088	   3376	    d30	hw4-1haha.elf
 
13:41:25 **** Incremental Build of configuration Debug for project hw4-1haha ****
make -j4 all 
make: Nothing to be done for 'all'.
13:47:33 **** Incremental Build of configuration Debug for project hw4-1haha ****
make -j4 all 
Building file: ../src/main.s
Invoking: MCU GCC Assembler
C:\stephen_peng\大三上\微處理機\hw4\my work\HW4-1\hw4-1haha\Debug
arm-none-eabi-as -mcpu=cortex-m4 -mthumb -mfloat-abi=hard -mfpu=fpv4-sp-d16 -g -o "src/main.o" "../src/main.s"
Finished building: ../src/main.s
 
Building target: hw4-1haha.elf
Invoking: MCU GCC Linker
arm-none-eabi-gcc -mcpu=cortex-m4 -mthumb -mfloat-abi=hard -mfpu=fpv4-sp-d16 -T"C:/stephen_peng/大三上/微處理機/hw4/my work/HW4-1/hw4-1haha/LinkerScript.ld" -Wl,-Map=output.map -Wl,--gc-sections -o "hw4-1haha.elf" @"objects.list"   -lm
Finished building target: hw4-1haha.elf
 
make --no-print-directory post-build
Generating binary and Printing size information:
arm-none-eabi-objcopy -O binary "hw4-1haha.elf" "hw4-1haha.bin"
arm-none-eabi-size "hw4-1haha.elf"
   text	   data	    bss	    dec	    hex	filename
   1184	   1104	   1088	   3376	    d30	hw4-1haha.elf
 
13:47:42 **** Incremental Build of configuration Debug for project hw4-1haha ****
make -j4 all 
make: Nothing to be done for 'all'.
13:49:54 **** Incremental Build of configuration Debug for project hw4-1haha ****
make -j4 all 
Building file: ../src/main.s
Invoking: MCU GCC Assembler
C:\stephen_peng\大三上\微處理機\hw4\my work\HW4-1\hw4-1haha\Debug
arm-none-eabi-as -mcpu=cortex-m4 -mthumb -mfloat-abi=hard -mfpu=fpv4-sp-d16 -g -o "src/main.o" "../src/main.s"
Finished building: ../src/main.s
 
Building target: hw4-1haha.elf
Invoking: MCU GCC Linker
arm-none-eabi-gcc -mcpu=cortex-m4 -mthumb -mfloat-abi=hard -mfpu=fpv4-sp-d16 -T"C:/stephen_peng/大三上/微處理機/hw4/my work/HW4-1/hw4-1haha/LinkerScript.ld" -Wl,-Map=output.map -Wl,--gc-sections -o "hw4-1haha.elf" @"objects.list"   -lm
Finished building target: hw4-1haha.elf
 
make --no-print-directory post-build
Generating binary and Printing size information:
arm-none-eabi-objcopy -O binary "hw4-1haha.elf" "hw4-1haha.bin"
arm-none-eabi-size "hw4-1haha.elf"
   text	   data	    bss	    dec	    hex	filename
   1184	   1104	   1088	   3376	    d30	hw4-1haha.elf
 
13:50:00 **** Incremental Build of configuration Debug for project hw4-1haha ****
make -j4 all 
make: Nothing to be done for 'all'.
13:50:54 **** Incremental Build of configuration Debug for project hw4-1haha ****
make -j4 all 
Building file: ../src/main.s
Invoking: MCU GCC Assembler
C:\stephen_peng\大三上\微處理機\hw4\my work\HW4-1\hw4-1haha\Debug
arm-none-eabi-as -mcpu=cortex-m4 -mthumb -mfloat-abi=hard -mfpu=fpv4-sp-d16 -g -o "src/main.o" "../src/main.s"
Finished building: ../src/main.s
 
Building target: hw4-1haha.elf
Invoking: MCU GCC Linker
arm-none-eabi-gcc -mcpu=cortex-m4 -mthumb -mfloat-abi=hard -mfpu=fpv4-sp-d16 -T"C:/stephen_peng/大三上/微處理機/hw4/my work/HW4-1/hw4-1haha/LinkerScript.ld" -Wl,-Map=output.map -Wl,--gc-sections -o "hw4-1haha.elf" @"objects.list"   -lm
Finished building target: hw4-1haha.elf
 
make --no-print-directory post-build
Generating binary and Printing size information:
arm-none-eabi-objcopy -O binary "hw4-1haha.elf" "hw4-1haha.bin"
arm-none-eabi-size "hw4-1haha.elf"
   text	   data	    bss	    dec	    hex	filename
   1184	   1104	   1088	   3376	    d30	hw4-1haha.elf
 
13:51:01 **** Incremental Build of configuration Debug for project hw4-1haha ****
make -j4 all 
make: Nothing to be done for 'all'.
13:55:55 **** Incremental Build of configuration Debug for project hw4-1haha ****
make -j4 all 
Building file: ../src/main.s
Invoking: MCU GCC Assembler
C:\stephen_peng\大三上\微處理機\hw4\my work\HW4-1\hw4-1haha\Debug
arm-none-eabi-as -mcpu=cortex-m4 -mthumb -mfloat-abi=hard -mfpu=fpv4-sp-d16 -g -o "src/main.o" "../src/main.s"
Finished building: ../src/main.s
 
Building target: hw4-1haha.elf
Invoking: MCU GCC Linker
arm-none-eabi-gcc -mcpu=cortex-m4 -mthumb -mfloat-abi=hard -mfpu=fpv4-sp-d16 -T"C:/stephen_peng/大三上/微處理機/hw4/my work/HW4-1/hw4-1haha/LinkerScript.ld" -Wl,-Map=output.map -Wl,--gc-sections -o "hw4-1haha.elf" @"objects.list"   -lm
Finished building target: hw4-1haha.elf
 
make --no-print-directory post-build
Generating binary and Printing size information:
arm-none-eabi-objcopy -O binary "hw4-1haha.elf" "hw4-1haha.bin"
arm-none-eabi-size "hw4-1haha.elf"
   text	   data	    bss	    dec	    hex	filename
   1184	   1104	   1088	   3376	    d30	hw4-1haha.elf
 
13:56:00 **** Incremental Build of configuration Debug for project hw4-1haha ****
make -j4 all 
make: Nothing to be done for 'all'.
13:58:11 **** Incremental Build of configuration Debug for project hw4-1haha ****
make -j4 all 
Building file: ../src/main.s
Invoking: MCU GCC Assembler
C:\stephen_peng\大三上\微處理機\hw4\my work\HW4-1\hw4-1haha\Debug
arm-none-eabi-as -mcpu=cortex-m4 -mthumb -mfloat-abi=hard -mfpu=fpv4-sp-d16 -g -o "src/main.o" "../src/main.s"
Finished building: ../src/main.s
 
Building target: hw4-1haha.elf
Invoking: MCU GCC Linker
arm-none-eabi-gcc -mcpu=cortex-m4 -mthumb -mfloat-abi=hard -mfpu=fpv4-sp-d16 -T"C:/stephen_peng/大三上/微處理機/hw4/my work/HW4-1/hw4-1haha/LinkerScript.ld" -Wl,-Map=output.map -Wl,--gc-sections -o "hw4-1haha.elf" @"objects.list"   -lm
Finished building target: hw4-1haha.elf
 
make --no-print-directory post-build
Generating binary and Printing size information:
arm-none-eabi-objcopy -O binary "hw4-1haha.elf" "hw4-1haha.bin"
arm-none-eabi-size "hw4-1haha.elf"
   text	   data	    bss	    dec	    hex	filename
   1184	   1104	   1088	   3376	    d30	hw4-1haha.elf
 
13:58:16 **** Incremental Build of configuration Debug for project hw4-1haha ****
make -j4 all 
make: Nothing to be done for 'all'.
19:26:01 **** Incremental Build of configuration Debug for project hw4-1haha ****
make -j4 all 
make: Nothing to be done for 'all'.
19:30:10 **** Incremental Build of configuration Debug for project hw4-1haha ****
make -j4 all 
Building file: ../src/main.s
Invoking: MCU GCC Assembler
C:\stephen_peng\大三上\微處理機\hw4\my work\HW4-1\hw4-1haha\Debug
arm-none-eabi-as -mcpu=cortex-m4 -mthumb -mfloat-abi=hard -mfpu=fpv4-sp-d16 -g -o "src/main.o" "../src/main.s"
../src/main.s: Assembler messages:
../src/main.s:53: Error: symbol `display_loop' is already defined
make: *** [src/main.o] Error 1
src/subdir.mk:15: recipe for target 'src/main.o' failed
19:30:32 **** Incremental Build of configuration Debug for project hw4-1haha ****
make -j4 all 
Building file: ../src/main.s
Invoking: MCU GCC Assembler
C:\stephen_peng\大三上\微處理機\hw4\my work\HW4-1\hw4-1haha\Debug
arm-none-eabi-as -mcpu=cortex-m4 -mthumb -mfloat-abi=hard -mfpu=fpv4-sp-d16 -g -o "src/main.o" "../src/main.s"
Finished building: ../src/main.s
 
Building target: hw4-1haha.elf
Invoking: MCU GCC Linker
arm-none-eabi-gcc -mcpu=cortex-m4 -mthumb -mfloat-abi=hard -mfpu=fpv4-sp-d16 -T"C:/stephen_peng/大三上/微處理機/hw4/my work/HW4-1/hw4-1haha/LinkerScript.ld" -Wl,-Map=output.map -Wl,--gc-sections -o "hw4-1haha.elf" @"objects.list"   -lm
Finished building target: hw4-1haha.elf
 
make --no-print-directory post-build
Generating binary and Printing size information:
arm-none-eabi-objcopy -O binary "hw4-1haha.elf" "hw4-1haha.bin"
arm-none-eabi-size "hw4-1haha.elf"
   text	   data	    bss	    dec	    hex	filename
   1216	   1120	   1088	   3424	    d60	hw4-1haha.elf
 
19:30:37 **** Incremental Build of configuration Debug for project hw4-1haha ****
make -j4 all 
make: Nothing to be done for 'all'.
19:31:29 **** Incremental Build of configuration Debug for project hw4-1haha ****
make -j4 all 
Building file: ../src/main.s
Invoking: MCU GCC Assembler
C:\stephen_peng\大三上\微處理機\hw4\my work\HW4-1\hw4-1haha\Debug
arm-none-eabi-as -mcpu=cortex-m4 -mthumb -mfloat-abi=hard -mfpu=fpv4-sp-d16 -g -o "src/main.o" "../src/main.s"
Finished building: ../src/main.s
 
Building target: hw4-1haha.elf
Invoking: MCU GCC Linker
arm-none-eabi-gcc -mcpu=cortex-m4 -mthumb -mfloat-abi=hard -mfpu=fpv4-sp-d16 -T"C:/stephen_peng/大三上/微處理機/hw4/my work/HW4-1/hw4-1haha/LinkerScript.ld" -Wl,-Map=output.map -Wl,--gc-sections -o "hw4-1haha.elf" @"objects.list"   -lm
Finished building target: hw4-1haha.elf
 
make --no-print-directory post-build
Generating binary and Printing size information:
arm-none-eabi-objcopy -O binary "hw4-1haha.elf" "hw4-1haha.bin"
arm-none-eabi-size "hw4-1haha.elf"
   text	   data	    bss	    dec	    hex	filename
   1216	   1120	   1088	   3424	    d60	hw4-1haha.elf
 
19:31:33 **** Incremental Build of configuration Debug for project hw4-1haha ****
make -j4 all 
make: Nothing to be done for 'all'.
19:33:06 **** Incremental Build of configuration Debug for project hw4-1haha ****
make -j4 all 
Building file: ../src/main.s
Invoking: MCU GCC Assembler
C:\stephen_peng\大三上\微處理機\hw4\my work\HW4-1\hw4-1haha\Debug
arm-none-eabi-as -mcpu=cortex-m4 -mthumb -mfloat-abi=hard -mfpu=fpv4-sp-d16 -g -o "src/main.o" "../src/main.s"
Finished building: ../src/main.s
 
Building target: hw4-1haha.elf
Invoking: MCU GCC Linker
arm-none-eabi-gcc -mcpu=cortex-m4 -mthumb -mfloat-abi=hard -mfpu=fpv4-sp-d16 -T"C:/stephen_peng/大三上/微處理機/hw4/my work/HW4-1/hw4-1haha/LinkerScript.ld" -Wl,-Map=output.map -Wl,--gc-sections -o "hw4-1haha.elf" @"objects.list"   -lm
Finished building target: hw4-1haha.elf
 
make --no-print-directory post-build
Generating binary and Printing size information:
arm-none-eabi-objcopy -O binary "hw4-1haha.elf" "hw4-1haha.bin"
arm-none-eabi-size "hw4-1haha.elf"
   text	   data	    bss	    dec	    hex	filename
   1216	   1120	   1088	   3424	    d60	hw4-1haha.elf
 
19:33:11 **** Incremental Build of configuration Debug for project hw4-1haha ****
make -j4 all 
make: Nothing to be done for 'all'.
