14:00:49 **** Build of configuration Debug for project hw4-2haha ****
make -j4 all 
Building file: ../startup/startup_stm32.s
Building file: ../startup/sysmem.c
Building file: ../src/main.s
Invoking: MCU GCC Assembler
Invoking: MCU GCC Compiler
Invoking: MCU GCC Assembler
C:\stephen_peng\大三上\微處理機\hw4\my work\HW4-2\hw4-2haha\Debug
arm-none-eabi-as -mcpu=cortex-m4 -mthumb -mfloat-abi=hard -mfpu=fpv4-sp-d16 -g -o "startup/startup_stm32.o" "../startup/startup_stm32.s"
C:\stephen_peng\大三上\微處理機\hw4\my work\HW4-2\hw4-2haha\Debug
arm-none-eabi-gcc -mcpu=cortex-m4 -mthumb -mfloat-abi=hard -mfpu=fpv4-sp-d16 -DSTM32 -DSTM32L4 -DSTM32L476RGTx -DNUCLEO_L476RG -DDEBUG -O0 -g3 -Wall -fmessage-length=0 -ffunction-sections -c -MMD -MP -MF"startup/sysmem.d" -MT"startup/sysmem.o" -o "startup/sysmem.o" "../startup/sysmem.c"
C:\stephen_peng\大三上\微處理機\hw4\my work\HW4-2\hw4-2haha\Debug
arm-none-eabi-as -mcpu=cortex-m4 -mthumb -mfloat-abi=hard -mfpu=fpv4-sp-d16 -g -o "src/main.o" "../src/main.s"
Finished building: ../startup/startup_stm32.s
Finished building: ../src/main.s
 
 
Finished building: ../startup/sysmem.c
 
Building target: hw4-2haha.elf
Invoking: MCU GCC Linker
arm-none-eabi-gcc -mcpu=cortex-m4 -mthumb -mfloat-abi=hard -mfpu=fpv4-sp-d16 -T"C:/stephen_peng/大三上/微處理機/hw4/my work/HW4-2/hw4-2haha/LinkerScript.ld" -Wl,-Map=output.map -Wl,--gc-sections -o "hw4-2haha.elf" @"objects.list"   -lm
Finished building target: hw4-2haha.elf
 
make --no-print-directory post-build
Generating binary and Printing size information:
arm-none-eabi-objcopy -O binary "hw4-2haha.elf" "hw4-2haha.bin"
arm-none-eabi-size "hw4-2haha.elf"
   text	   data	    bss	    dec	    hex	filename
   1168	   1104	   1088	   3360	    d20	hw4-2haha.elf
 
14:00:57 **** Incremental Build of configuration Debug for project hw4-2haha ****
make -j4 all 
make: Nothing to be done for 'all'.
14:11:46 **** Incremental Build of configuration Debug for project hw4-2haha ****
make -j4 all 
Building file: ../src/main.s
Invoking: MCU GCC Assembler
C:\stephen_peng\大三上\微處理機\hw4\my work\HW4-2\hw4-2haha\Debug
arm-none-eabi-as -mcpu=cortex-m4 -mthumb -mfloat-abi=hard -mfpu=fpv4-sp-d16 -g -o "src/main.o" "../src/main.s"
Finished building: ../src/main.s
 
Building target: hw4-2haha.elf
Invoking: MCU GCC Linker
arm-none-eabi-gcc -mcpu=cortex-m4 -mthumb -mfloat-abi=hard -mfpu=fpv4-sp-d16 -T"C:/stephen_peng/大三上/微處理機/hw4/my work/HW4-2/hw4-2haha/LinkerScript.ld" -Wl,-Map=output.map -Wl,--gc-sections -o "hw4-2haha.elf" @"objects.list"   -lm
Finished building target: hw4-2haha.elf
 
make --no-print-directory post-build
Generating binary and Printing size information:
arm-none-eabi-objcopy -O binary "hw4-2haha.elf" "hw4-2haha.bin"
arm-none-eabi-size "hw4-2haha.elf"
   text	   data	    bss	    dec	    hex	filename
   1168	   1096	   1088	   3352	    d18	hw4-2haha.elf
 
14:11:50 **** Incremental Build of configuration Debug for project hw4-2haha ****
make -j4 all 
make: Nothing to be done for 'all'.
14:12:07 **** Incremental Build of configuration Debug for project hw4-2haha ****
make -j4 all 
Building file: ../src/main.s
Invoking: MCU GCC Assembler
C:\stephen_peng\大三上\微處理機\hw4\my work\HW4-2\hw4-2haha\Debug
arm-none-eabi-as -mcpu=cortex-m4 -mthumb -mfloat-abi=hard -mfpu=fpv4-sp-d16 -g -o "src/main.o" "../src/main.s"
Finished building: ../src/main.s
 
Building target: hw4-2haha.elf
Invoking: MCU GCC Linker
arm-none-eabi-gcc -mcpu=cortex-m4 -mthumb -mfloat-abi=hard -mfpu=fpv4-sp-d16 -T"C:/stephen_peng/大三上/微處理機/hw4/my work/HW4-2/hw4-2haha/LinkerScript.ld" -Wl,-Map=output.map -Wl,--gc-sections -o "hw4-2haha.elf" @"objects.list"   -lm
Finished building target: hw4-2haha.elf
 
make --no-print-directory post-build
Generating binary and Printing size information:
arm-none-eabi-objcopy -O binary "hw4-2haha.elf" "hw4-2haha.bin"
arm-none-eabi-size "hw4-2haha.elf"
   text	   data	    bss	    dec	    hex	filename
   1168	   1096	   1088	   3352	    d18	hw4-2haha.elf
 
14:12:11 **** Incremental Build of configuration Debug for project hw4-2haha ****
make -j4 all 
make: Nothing to be done for 'all'.
14:12:24 **** Incremental Build of configuration Debug for project hw4-2haha ****
make -j4 all 
Building file: ../src/main.s
Invoking: MCU GCC Assembler
C:\stephen_peng\大三上\微處理機\hw4\my work\HW4-2\hw4-2haha\Debug
arm-none-eabi-as -mcpu=cortex-m4 -mthumb -mfloat-abi=hard -mfpu=fpv4-sp-d16 -g -o "src/main.o" "../src/main.s"
Finished building: ../src/main.s
 
Building target: hw4-2haha.elf
Invoking: MCU GCC Linker
arm-none-eabi-gcc -mcpu=cortex-m4 -mthumb -mfloat-abi=hard -mfpu=fpv4-sp-d16 -T"C:/stephen_peng/大三上/微處理機/hw4/my work/HW4-2/hw4-2haha/LinkerScript.ld" -Wl,-Map=output.map -Wl,--gc-sections -o "hw4-2haha.elf" @"objects.list"   -lm
Finished building target: hw4-2haha.elf
 
make --no-print-directory post-build
Generating binary and Printing size information:
arm-none-eabi-objcopy -O binary "hw4-2haha.elf" "hw4-2haha.bin"
arm-none-eabi-size "hw4-2haha.elf"
   text	   data	    bss	    dec	    hex	filename
   1168	   1096	   1088	   3352	    d18	hw4-2haha.elf
 
14:12:28 **** Incremental Build of configuration Debug for project hw4-2haha ****
make -j4 all 
make: Nothing to be done for 'all'.
19:21:55 **** Incremental Build of configuration Debug for project hw4-2haha ****
make -j4 all 
make: Nothing to be done for 'all'.
19:22:39 **** Incremental Build of configuration Debug for project hw4-2haha ****
make -j4 all 
Building file: ../src/main.s
Invoking: MCU GCC Assembler
C:\stephen_peng\大三上\微處理機\hw4\my work\HW4-2\hw4-2haha\Debug
arm-none-eabi-as -mcpu=cortex-m4 -mthumb -mfloat-abi=hard -mfpu=fpv4-sp-d16 -g -o "src/main.o" "../src/main.s"
Finished building: ../src/main.s
 
Building target: hw4-2haha.elf
Invoking: MCU GCC Linker
arm-none-eabi-gcc -mcpu=cortex-m4 -mthumb -mfloat-abi=hard -mfpu=fpv4-sp-d16 -T"C:/stephen_peng/大三上/微處理機/hw4/my work/HW4-2/hw4-2haha/LinkerScript.ld" -Wl,-Map=output.map -Wl,--gc-sections -o "hw4-2haha.elf" @"objects.list"   -lm
Finished building target: hw4-2haha.elf
 
make --no-print-directory post-build
Generating binary and Printing size information:
arm-none-eabi-objcopy -O binary "hw4-2haha.elf" "hw4-2haha.bin"
arm-none-eabi-size "hw4-2haha.elf"
   text	   data	    bss	    dec	    hex	filename
   1168	   1096	   1088	   3352	    d18	hw4-2haha.elf
 
19:22:44 **** Incremental Build of configuration Debug for project hw4-2haha ****
make -j4 all 
make: Nothing to be done for 'all'.
