15:38:33 **** Build of configuration Debug for project hw6-2haha ****
make -j4 all 
Building file: ../startup/startup_stm32.s
Building file: ../startup/sysmem.c
Building file: ../src/GPIO_init.s
Building file: ../src/delay.s
Invoking: MCU GCC Assembler
Invoking: MCU GCC Assembler
Invoking: MCU GCC Compiler
Invoking: MCU GCC Assembler
C:\stephen_peng\大三上\微處理機\hw6\my work\hw6-2\hw6-2haha\Debug
arm-none-eabi-as -mcpu=cortex-m4 -mthumb -mfloat-abi=hard -mfpu=fpv4-sp-d16 -g -o "startup/startup_stm32.o" "../startup/startup_stm32.s"
C:\stephen_peng\大三上\微處理機\hw6\my work\hw6-2\hw6-2haha\Debug
C:\stephen_peng\大三上\微處理機\hw6\my work\hw6-2\hw6-2haha\Debug
C:\stephen_peng\大三上\微處理機\hw6\my work\hw6-2\hw6-2haha\Debug
arm-none-eabi-as -mcpu=cortex-m4 -mthumb -mfloat-abi=hard -mfpu=fpv4-sp-d16 -g -o "src/GPIO_init.o" "../src/GPIO_init.s"
arm-none-eabi-gcc -mcpu=cortex-m4 -mthumb -mfloat-abi=hard -mfpu=fpv4-sp-d16 -DSTM32 -DSTM32L4 -DSTM32L476RGTx -DNUCLEO_L476RG -DDEBUG -O0 -g3 -Wall -fmessage-length=0 -ffunction-sections -c -MMD -MP -MF"startup/sysmem.d" -MT"startup/sysmem.o" -o "startup/sysmem.o" "../startup/sysmem.c"
arm-none-eabi-as -mcpu=cortex-m4 -mthumb -mfloat-abi=hard -mfpu=fpv4-sp-d16 -g -o "src/delay.o" "../src/delay.s"
Finished building: ../src/GPIO_init.s
Finished building: ../startup/startup_stm32.s
 
Finished building: ../src/delay.s
 
Building file: ../src/main.c
 
Building file: ../src/max7219_init.s
Invoking: MCU GCC Compiler
Invoking: MCU GCC Assembler
Building file: ../src/max7219_send.s
C:\stephen_peng\大三上\微處理機\hw6\my work\hw6-2\hw6-2haha\Debug
arm-none-eabi-gcc -mcpu=cortex-m4 -mthumb -mfloat-abi=hard -mfpu=fpv4-sp-d16 -DSTM32 -DSTM32L4 -DSTM32L476RGTx -DNUCLEO_L476RG -DDEBUG -O0 -g3 -Wall -fmessage-length=0 -ffunction-sections -c -MMD -MP -MF"src/main.d" -MT"src/main.o" -o "src/main.o" "../src/main.c"
C:\stephen_peng\大三上\微處理機\hw6\my work\hw6-2\hw6-2haha\Debug
Invoking: MCU GCC Assembler
arm-none-eabi-as -mcpu=cortex-m4 -mthumb -mfloat-abi=hard -mfpu=fpv4-sp-d16 -g -o "src/max7219_init.o" "../src/max7219_init.s"
C:\stephen_peng\大三上\微處理機\hw6\my work\hw6-2\hw6-2haha\Debug
arm-none-eabi-as -mcpu=cortex-m4 -mthumb -mfloat-abi=hard -mfpu=fpv4-sp-d16 -g -o "src/max7219_send.o" "../src/max7219_send.s"
Finished building: ../src/max7219_init.s
Finished building: ../src/max7219_send.s
Finished building: ../startup/sysmem.c
 
 
 
Finished building: ../src/main.c
 
Building target: hw6-2haha.elf
Invoking: MCU GCC Linker
arm-none-eabi-gcc -mcpu=cortex-m4 -mthumb -mfloat-abi=hard -mfpu=fpv4-sp-d16 -T"C:/stephen_peng/大三上/微處理機/hw6/my work/hw6-2/hw6-2haha/LinkerScript.ld" -Wl,-Map=output.map -Wl,--gc-sections -o "hw6-2haha.elf" @"objects.list"   -lm
Finished building target: hw6-2haha.elf
 
make --no-print-directory post-build
Generating binary and Printing size information:
arm-none-eabi-objcopy -O binary "hw6-2haha.elf" "hw6-2haha.bin"
arm-none-eabi-size "hw6-2haha.elf"
   text	   data	    bss	    dec	    hex	filename
   3232	   1088	   1104	   5424	   1530	hw6-2haha.elf
 
15:38:46 **** Incremental Build of configuration Debug for project hw6-2haha ****
make -j4 all 
make: Nothing to be done for 'all'.
15:39:45 **** Incremental Build of configuration Debug for project hw6-2haha ****
make -j4 all 
make: Nothing to be done for 'all'.
15:41:21 **** Incremental Build of configuration Debug for project hw6-2haha ****
make -j4 all 
make: Nothing to be done for 'all'.
15:41:28 **** Incremental Build of configuration Debug for project hw6-2haha ****
make -j4 all 
make: Nothing to be done for 'all'.
15:41:33 **** Incremental Build of configuration Debug for project hw6-2haha ****
make -j4 all 
make: Nothing to be done for 'all'.
15:41:45 **** Incremental Build of configuration Debug for project hw6-2haha ****
make -j4 all 
make: Nothing to be done for 'all'.
15:41:52 **** Incremental Build of configuration Debug for project hw6-2haha ****
make -j4 all 
Building file: ../src/main.c
Invoking: MCU GCC Compiler
C:\stephen_peng\大三上\微處理機\hw6\my work\hw6-2\hw6-2haha\Debug
arm-none-eabi-gcc -mcpu=cortex-m4 -mthumb -mfloat-abi=hard -mfpu=fpv4-sp-d16 -DSTM32 -DSTM32L4 -DSTM32L476RGTx -DNUCLEO_L476RG -DDEBUG -O0 -g3 -Wall -fmessage-length=0 -ffunction-sections -c -MMD -MP -MF"src/main.d" -MT"src/main.o" -o "src/main.o" "../src/main.c"
Finished building: ../src/main.c
 
Building target: hw6-2haha.elf
Invoking: MCU GCC Linker
arm-none-eabi-gcc -mcpu=cortex-m4 -mthumb -mfloat-abi=hard -mfpu=fpv4-sp-d16 -T"C:/stephen_peng/大三上/微處理機/hw6/my work/hw6-2/hw6-2haha/LinkerScript.ld" -Wl,-Map=output.map -Wl,--gc-sections -o "hw6-2haha.elf" @"objects.list"   -lm
Finished building target: hw6-2haha.elf
 
make --no-print-directory post-build
Generating binary and Printing size information:
arm-none-eabi-objcopy -O binary "hw6-2haha.elf" "hw6-2haha.bin"
arm-none-eabi-size "hw6-2haha.elf"
   text	   data	    bss	    dec	    hex	filename
   3248	   1088	   1104	   5440	   1540	hw6-2haha.elf
 
15:41:58 **** Incremental Build of configuration Debug for project hw6-2haha ****
make -j4 all 
make: Nothing to be done for 'all'.
21:18:28 **** Incremental Build of configuration Debug for project hw6-2haha ****
make -j4 all 
make: Nothing to be done for 'all'.
21:18:32 **** Incremental Build of configuration Debug for project hw6-2haha ****
make -j4 all 
make: Nothing to be done for 'all'.
21:19:14 **** Incremental Build of configuration Debug for project hw6-2haha ****
make -j4 all 
Building file: ../src/main.c
Invoking: MCU GCC Compiler
C:\stephen_peng\大三上\微處理機\hw6\my work\hw6-2\hw6-2haha\Debug
arm-none-eabi-gcc -mcpu=cortex-m4 -mthumb -mfloat-abi=hard -mfpu=fpv4-sp-d16 -DSTM32 -DSTM32L4 -DSTM32L476RGTx -DNUCLEO_L476RG -DDEBUG -O0 -g3 -Wall -fmessage-length=0 -ffunction-sections -c -MMD -MP -MF"src/main.d" -MT"src/main.o" -o "src/main.o" "../src/main.c"
Finished building: ../src/main.c
 
Building target: hw6-2haha.elf
Invoking: MCU GCC Linker
arm-none-eabi-gcc -mcpu=cortex-m4 -mthumb -mfloat-abi=hard -mfpu=fpv4-sp-d16 -T"C:/stephen_peng/大三上/微處理機/hw6/my work/hw6-2/hw6-2haha/LinkerScript.ld" -Wl,-Map=output.map -Wl,--gc-sections -o "hw6-2haha.elf" @"objects.list"   -lm
Finished building target: hw6-2haha.elf
 
make --no-print-directory post-build
Generating binary and Printing size information:
arm-none-eabi-objcopy -O binary "hw6-2haha.elf" "hw6-2haha.bin"
arm-none-eabi-size "hw6-2haha.elf"
   text	   data	    bss	    dec	    hex	filename
   3248	   1088	   1104	   5440	   1540	hw6-2haha.elf
 
21:19:17 **** Incremental Build of configuration Debug for project hw6-2haha ****
make -j4 all 
make: Nothing to be done for 'all'.
23:36:40 **** Incremental Build of configuration Debug for project hw6-2haha ****
make -j4 all 
make: Nothing to be done for 'all'.
23:37:27 **** Incremental Build of configuration Debug for project hw6-2haha ****
make -j4 all 
make: Nothing to be done for 'all'.
23:37:41 **** Incremental Build of configuration Debug for project hw6-2haha ****
make -j4 all 
make: Nothing to be done for 'all'.
